[2026-03-13T20:32:36.269943400] admin | CREATE_USER | genna | Created user
